// Jest Snapshot v1, https://goo.gl/fbAQLP

exports[`AppView.prototype.render Should be render correctly 1`] = `"<ul><li>123</li><li>1234</li><li>12345</li></ul>"`;
